// Vitest Snapshot v1, https://vitest.dev/guide/snapshot.html

exports[`error page > renders the status code and message from a thrown NuxtError 1`] = `
"<div style="position: relative; height: 100vh; background: var(--bg); display: grid; place-items: center; overflow: hidden; padding: 40px;">
  <div seed="5"></div><a href="/" style="position: absolute; top: 28px; left: 40px;"><span></span></a>
  <div style="position: relative; text-align: center; max-width: 540px;">
    <div class="mono" style="font-weight: 600; letter-spacing: -0.04em; line-height: 1; color: transparent;">500</div>
    <div class="code" style="max-width: 440px; margin: 26px auto 0px; text-align: left;">
      <div class="code-head"><span class="lang">terminal</span><span class="mono faint" style="font-size: 11px;">exit 1</span></div>
      <div class="code-body mono" style="font-size: 13px;"><span style="color: var(--accent);">$</span> markpost sync<br><span style="color: var(--err);">Internal Server Error</span></div>
    </div>
    <h1 class="h1" style="margin-top: 28px;">Something went wrong.</h1>
    <p class="lead" style="margin-top: 10px;"> The sync hit a snag on our end. Try again, or head back home while we look into it. </p>
    <div class="row gap-3" style="justify-content: center; margin-top: 26px;"><button class="app-btn"> try again </button><a href="/" class="app-btn">back to home</a></div>
  </div>
</div>"
`;
