// Vitest Snapshot v1, https://vitest.dev/guide/snapshot.html

exports[`TokenScopeFields > matches snapshot when scopes are not restricted 1`] = `
"<div class="col gap-3"><label class="row gap-2" style="align-items: center;"><input type="checkbox" aria-describedby="v-0"><span style="font-size: 13px;">Restrict to specific scopes</span></label>
  <p id="v-0" class="faint" style="font-size: 12px; margin: 0px;"> This token will have full access to every resource. </p>
</div>"
`;

exports[`TokenScopeFields > matches snapshot when scopes are restricted 1`] = `
"<div class="col gap-3"><label class="row gap-2" style="align-items: center;"><input checked="" type="checkbox" aria-describedby="v-1"><span style="font-size: 13px;">Restrict to specific scopes</span></label>
  <div id="v-1" class="col gap-3">
    <div class="col gap-1"><label class="row gap-3" style="cursor: pointer;"><span style="width: 19px; height: 19px; border-radius: 5px; border: 1.5px solid; background: var(--accent); display: grid; place-items: center; transition: all .15s; outline-offset: 2px; border-width: var(--accent); border-style: var(--accent); border-color: var(--accent); flex-grow: 0; flex-shrink: 0; flex-basis: auto; outline-color: none; outline-style: none; outline-width: initial;"><appicon name="check" size="13" stroke-width="3" style="color: #fff;"></appicon></span><input type="checkbox" checked="" style="position: absolute; opacity: 0; pointer-events: none;"><span style="font-size: 14px; color: var(--ink);">records:read</span></label><span class="faint" style="font-size: 11.5px; margin-left: 31px;">Read records and record statistics.</span></div>
    <div class="col gap-1"><label class="row gap-3" style="cursor: pointer;"><span style="width: 19px; height: 19px; border-radius: 5px; border: 1.5px solid; background: transparent; display: grid; place-items: center; transition: all .15s; outline-offset: 2px; border-width: var(--line-2); border-style: var(--line-2); border-color: var(--line-2); flex-grow: 0; flex-shrink: 0; flex-basis: auto; outline-color: none; outline-style: none; outline-width: initial;"><!--v-if--></span><input type="checkbox" style="position: absolute; opacity: 0; pointer-events: none;"><span style="font-size: 14px; color: var(--ink-2);">records:write</span></label><span class="faint" style="font-size: 11.5px; margin-left: 31px;">Create, update, and delete records.</span></div>
    <div class="col gap-1"><label class="row gap-3" style="cursor: pointer;"><span style="width: 19px; height: 19px; border-radius: 5px; border: 1.5px solid; background: transparent; display: grid; place-items: center; transition: all .15s; outline-offset: 2px; border-width: var(--line-2); border-style: var(--line-2); border-color: var(--line-2); flex-grow: 0; flex-shrink: 0; flex-basis: auto; outline-color: none; outline-style: none; outline-width: initial;"><!--v-if--></span><input type="checkbox" style="position: absolute; opacity: 0; pointer-events: none;"><span style="font-size: 14px; color: var(--ink-2);">sources:read</span></label><span class="faint" style="font-size: 11.5px; margin-left: 31px;">List connected sources.</span></div>
    <div class="col gap-1"><label class="row gap-3" style="cursor: pointer;"><span style="width: 19px; height: 19px; border-radius: 5px; border: 1.5px solid; background: transparent; display: grid; place-items: center; transition: all .15s; outline-offset: 2px; border-width: var(--line-2); border-style: var(--line-2); border-color: var(--line-2); flex-grow: 0; flex-shrink: 0; flex-basis: auto; outline-color: none; outline-style: none; outline-width: initial;"><!--v-if--></span><input type="checkbox" style="position: absolute; opacity: 0; pointer-events: none;"><span style="font-size: 14px; color: var(--ink-2);">sources:write</span></label><span class="faint" style="font-size: 11.5px; margin-left: 31px;">Create, update, delete, test, and rotate secrets for sources.</span></div>
    <div class="col gap-1"><label class="row gap-3" style="cursor: pointer;"><span style="width: 19px; height: 19px; border-radius: 5px; border: 1.5px solid; background: transparent; display: grid; place-items: center; transition: all .15s; outline-offset: 2px; border-width: var(--line-2); border-style: var(--line-2); border-color: var(--line-2); flex-grow: 0; flex-shrink: 0; flex-basis: auto; outline-color: none; outline-style: none; outline-width: initial;"><!--v-if--></span><input type="checkbox" style="position: absolute; opacity: 0; pointer-events: none;"><span style="font-size: 14px; color: var(--ink-2);">events:read</span></label><span class="faint" style="font-size: 11.5px; margin-left: 31px;">Read the activity event log.</span></div>
    <div class="col gap-1"><label class="row gap-3" style="cursor: pointer;"><span style="width: 19px; height: 19px; border-radius: 5px; border: 1.5px solid; background: transparent; display: grid; place-items: center; transition: all .15s; outline-offset: 2px; border-width: var(--line-2); border-style: var(--line-2); border-color: var(--line-2); flex-grow: 0; flex-shrink: 0; flex-basis: auto; outline-color: none; outline-style: none; outline-width: initial;"><!--v-if--></span><input type="checkbox" style="position: absolute; opacity: 0; pointer-events: none;"><span style="font-size: 14px; color: var(--ink-2);">tokens:read</span></label><span class="faint" style="font-size: 11.5px; margin-left: 31px;">List API tokens.</span></div>
    <div class="col gap-1"><label class="row gap-3" style="cursor: pointer;"><span style="width: 19px; height: 19px; border-radius: 5px; border: 1.5px solid; background: transparent; display: grid; place-items: center; transition: all .15s; outline-offset: 2px; border-width: var(--line-2); border-style: var(--line-2); border-color: var(--line-2); flex-grow: 0; flex-shrink: 0; flex-basis: auto; outline-color: none; outline-style: none; outline-width: initial;"><!--v-if--></span><input type="checkbox" style="position: absolute; opacity: 0; pointer-events: none;"><span style="font-size: 14px; color: var(--ink-2);">tokens:write</span></label><span class="faint" style="font-size: 11.5px; margin-left: 31px;">Mint and revoke API tokens.</span></div>
    <div class="col gap-1"><label class="row gap-3" style="cursor: pointer;"><span style="width: 19px; height: 19px; border-radius: 5px; border: 1.5px solid; background: transparent; display: grid; place-items: center; transition: all .15s; outline-offset: 2px; border-width: var(--line-2); border-style: var(--line-2); border-color: var(--line-2); flex-grow: 0; flex-shrink: 0; flex-basis: auto; outline-color: none; outline-style: none; outline-width: initial;"><!--v-if--></span><input type="checkbox" style="position: absolute; opacity: 0; pointer-events: none;"><span style="font-size: 14px; color: var(--ink-2);">settings:read</span></label><span class="faint" style="font-size: 11.5px; margin-left: 31px;">Read sync and vault settings.</span></div>
    <div class="col gap-1"><label class="row gap-3" style="cursor: pointer;"><span style="width: 19px; height: 19px; border-radius: 5px; border: 1.5px solid; background: transparent; display: grid; place-items: center; transition: all .15s; outline-offset: 2px; border-width: var(--line-2); border-style: var(--line-2); border-color: var(--line-2); flex-grow: 0; flex-shrink: 0; flex-basis: auto; outline-color: none; outline-style: none; outline-width: initial;"><!--v-if--></span><input type="checkbox" style="position: absolute; opacity: 0; pointer-events: none;"><span style="font-size: 14px; color: var(--ink-2);">settings:write</span></label><span class="faint" style="font-size: 11.5px; margin-left: 31px;">Update sync and vault settings.</span></div>
    <div class="col gap-1"><label class="row gap-3" style="cursor: pointer;"><span style="width: 19px; height: 19px; border-radius: 5px; border: 1.5px solid; background: transparent; display: grid; place-items: center; transition: all .15s; outline-offset: 2px; border-width: var(--line-2); border-style: var(--line-2); border-color: var(--line-2); flex-grow: 0; flex-shrink: 0; flex-basis: auto; outline-color: none; outline-style: none; outline-width: initial;"><!--v-if--></span><input type="checkbox" style="position: absolute; opacity: 0; pointer-events: none;"><span style="font-size: 14px; color: var(--ink-2);">billing:read</span></label><span class="faint" style="font-size: 11.5px; margin-left: 31px;">Read subscription and usage.</span></div>
    <div class="col gap-1"><label class="row gap-3" style="cursor: pointer;"><span style="width: 19px; height: 19px; border-radius: 5px; border: 1.5px solid; background: transparent; display: grid; place-items: center; transition: all .15s; outline-offset: 2px; border-width: var(--line-2); border-style: var(--line-2); border-color: var(--line-2); flex-grow: 0; flex-shrink: 0; flex-basis: auto; outline-color: none; outline-style: none; outline-width: initial;"><!--v-if--></span><input type="checkbox" style="position: absolute; opacity: 0; pointer-events: none;"><span style="font-size: 14px; color: var(--ink-2);">billing:write</span></label><span class="faint" style="font-size: 11.5px; margin-left: 31px;">Start checkout and open the billing portal.</span></div>
    <div class="col gap-1"><label class="row gap-3" style="cursor: pointer;"><span style="width: 19px; height: 19px; border-radius: 5px; border: 1.5px solid; background: transparent; display: grid; place-items: center; transition: all .15s; outline-offset: 2px; border-width: var(--line-2); border-style: var(--line-2); border-color: var(--line-2); flex-grow: 0; flex-shrink: 0; flex-basis: auto; outline-color: none; outline-style: none; outline-width: initial;"><!--v-if--></span><input type="checkbox" style="position: absolute; opacity: 0; pointer-events: none;"><span style="font-size: 14px; color: var(--ink-2);">account:write</span></label><span class="faint" style="font-size: 11.5px; margin-left: 31px;">Delete the account.</span></div>
  </div>
</div>"
`;
